This is pdfTeX, Version 3.141592653-2.6-1.40.28 (TeX Live 2025/Debian) (preloaded format=pdflatex 2026.6.14)  25 JUN 2026 08:32
entering extended mode
 restricted \write18 enabled.
 file:line:error style messages enabled.
 %&-line parsing enabled.
**/run/media/nouzen/01DCF998176DF6A0/macbook_legacy/Papers/MAVEN-01-THESIS/main.tex
(/run/media/nouzen/01DCF998176DF6A0/macbook_legacy/Papers/MAVEN-01-THESIS/main.tex
LaTeX2e <2025-11-01>
L3 programming layer <2026-01-19>
(./thesisMDH.cls
Document Class: thesisMDH 2020/05/03 thesisMDH
(/usr/share/texlive/texmf-dist/tex/latex/base/article.cls
Document Class: article 2025/01/22 v1.4n Standard LaTeX document class
(/usr/share/texlive/texmf-dist/tex/latex/base/size10.clo
File: size10.clo 2025/01/22 v1.4n Standard LaTeX file (size option)
)
\c@part=\count275
\c@section=\count276
\c@subsection=\count277
\c@subsubsection=\count278
\c@paragraph=\count279
\c@subparagraph=\count280
\c@figure=\count281
\c@table=\count282
\abovecaptionskip=\skip49
\belowcaptionskip=\skip50
\bibindent=\dimen148
) (/usr/share/texlive/texmf-dist/tex/latex/graphics/graphicx.sty
Package: graphicx 2024/12/31 v1.2e Enhanced LaTeX Graphics (DPC,SPQR)
 (/usr/share/texlive/texmf-dist/tex/latex/graphics/keyval.sty
Package: keyval 2022/05/29 v1.15 key=value parser (DPC)
\KV@toks@=\toks17
) (/usr/share/texlive/texmf-dist/tex/latex/graphics/graphics.sty
Package: graphics 2024/08/06 v1.4g Standard LaTeX Graphics (DPC,SPQR)
 (/usr/share/texlive/texmf-dist/tex/latex/graphics/trig.sty
Package: trig 2023/12/02 v1.11 sin cos tan (DPC)
) (/usr/share/texlive/texmf-dist/tex/latex/graphics-cfg/graphics.cfg
File: graphics.cfg 2016/06/04 v1.11 sample graphics configuration
)
Package graphics Info: Driver file: pdftex.def on input line 106.
 (/usr/share/texlive/texmf-dist/tex/latex/graphics-def/pdftex.def
File: pdftex.def 2025/09/29 v1.2d Graphics/color driver for pdftex
))
\Gin@req@height=\dimen149
\Gin@req@width=\dimen150
) (/usr/share/texlive/texmf-dist/tex/latex/mathtools/mathtools.sty
Package: mathtools 2024/10/04 v1.31 mathematical typesetting tools
 (/usr/share/texlive/texmf-dist/tex/latex/tools/calc.sty
Package: calc 2025/03/01 v4.3b Infix arithmetic (KKT,FJ)
\calc@Acount=\count283
\calc@Bcount=\count284
\calc@Adimen=\dimen151
\calc@Bdimen=\dimen152
\calc@Askip=\skip51
\calc@Bskip=\skip52
LaTeX Info: Redefining \setlength on input line 86.
LaTeX Info: Redefining \addtolength on input line 87.
\calc@Ccount=\count285
\calc@Cskip=\skip53
) (/usr/share/texlive/texmf-dist/tex/latex/mathtools/mhsetup.sty
Package: mhsetup 2021/03/18 v1.4 programming setup (MH)
) (/usr/share/texlive/texmf-dist/tex/latex/amsmath/amsmath.sty
Package: amsmath 2025/07/09 v2.17z AMS math features
\@mathmargin=\skip54

For additional information on amsmath, use the `?' option.
(/usr/share/texlive/texmf-dist/tex/latex/amsmath/amstext.sty
Package: amstext 2024/11/17 v2.01 AMS text
 (/usr/share/texlive/texmf-dist/tex/latex/amsmath/amsgen.sty
File: amsgen.sty 1999/11/30 v2.0 generic functions
\@emptytoks=\toks18
\ex@=\dimen153
)) (/usr/share/texlive/texmf-dist/tex/latex/amsmath/amsbsy.sty
Package: amsbsy 1999/11/29 v1.2d Bold Symbols
\pmbraise@=\dimen154
) (/usr/share/texlive/texmf-dist/tex/latex/amsmath/amsopn.sty
Package: amsopn 2022/04/08 v2.04 operator names
)
\inf@bad=\count286
LaTeX Info: Redefining \frac on input line 233.
\uproot@=\count287
\leftroot@=\count288
LaTeX Info: Redefining \overline on input line 398.
LaTeX Info: Redefining \colon on input line 409.
\classnum@=\count289
\DOTSCASE@=\count290
LaTeX Info: Redefining \ldots on input line 495.
LaTeX Info: Redefining \dots on input line 498.
LaTeX Info: Redefining \cdots on input line 619.
\Mathstrutbox@=\box53
\strutbox@=\box54
LaTeX Info: Redefining \big on input line 721.
LaTeX Info: Redefining \Big on input line 722.
LaTeX Info: Redefining \bigg on input line 723.
LaTeX Info: Redefining \Bigg on input line 724.
\big@size=\dimen155
LaTeX Font Info:    Redeclaring font encoding OML on input line 742.
LaTeX Font Info:    Redeclaring font encoding OMS on input line 743.
\macc@depth=\count291
LaTeX Info: Redefining \bmod on input line 904.
LaTeX Info: Redefining \pmod on input line 909.
LaTeX Info: Redefining \smash on input line 939.
LaTeX Info: Redefining \relbar on input line 969.
LaTeX Info: Redefining \Relbar on input line 970.
\c@MaxMatrixCols=\count292
\dotsspace@=\muskip17
\c@parentequation=\count293
\dspbrk@lvl=\count294
\tag@help=\toks19
\row@=\count295
\column@=\count296
\maxfields@=\count297
\andhelp@=\toks20
\eqnshift@=\dimen156
\alignsep@=\dimen157
\tagshift@=\dimen158
\tagwidth@=\dimen159
\totwidth@=\dimen160
\lineht@=\dimen161
\@envbody=\toks21
\multlinegap=\skip55
\multlinetaggap=\skip56
\mathdisplay@stack=\toks22
LaTeX Info: Redefining \[ on input line 2950.
LaTeX Info: Redefining \] on input line 2951.
)
\g_MT_multlinerow_int=\count298
\l_MT_multwidth_dim=\dimen162
\origjot=\skip57
\l_MT_shortvdotswithinadjustabove_dim=\dimen163
\l_MT_shortvdotswithinadjustbelow_dim=\dimen164
\l_MT_above_intertext_sep=\dimen165
\l_MT_below_intertext_sep=\dimen166
\l_MT_above_shortintertext_sep=\dimen167
\l_MT_below_shortintertext_sep=\dimen168
\xmathstrut@box=\box55
\xmathstrut@dim=\dimen169
) (/usr/share/texlive/texmf-dist/tex/latex/fancyhdr/fancyhdr.sty
Package: fancyhdr 2025/02/07 v5.2 Extensive control of page headers and footers
\f@nch@headwidth=\skip58
\f@nch@offset@elh=\skip59
\f@nch@offset@erh=\skip60
\f@nch@offset@olh=\skip61
\f@nch@offset@orh=\skip62
\f@nch@offset@elf=\skip63
\f@nch@offset@erf=\skip64
\f@nch@offset@olf=\skip65
\f@nch@offset@orf=\skip66
\f@nch@height=\skip67
\f@nch@footalignment=\skip68
\f@nch@widthL=\skip69
\f@nch@widthC=\skip70
\f@nch@widthR=\skip71
\@temptokenb=\toks23
) (/usr/share/texlive/texmf-dist/tex/latex/tools/enumerate.sty
Package: enumerate 2023/07/04 v3.00 enumerate extensions (DPC)
\@enLab=\toks24
) (/usr/share/texlive/texmf-dist/tex/latex/listings/listings.sty
\lst@mode=\count299
\lst@gtempboxa=\box56
\lst@token=\toks25
\lst@length=\count300
\lst@currlwidth=\dimen170
\lst@column=\count301
\lst@pos=\count302
\lst@lostspace=\dimen171
\lst@width=\dimen172
\lst@newlines=\count303
\lst@lineno=\count304
\lst@maxwidth=\dimen173
 (/usr/share/texlive/texmf-dist/tex/latex/listings/lstpatch.sty
File: lstpatch.sty 2025/11/14 1.11b (Carsten Heinz)
) (/usr/share/texlive/texmf-dist/tex/latex/listings/lstmisc.sty
File: lstmisc.sty 2025/11/14 1.11b (Carsten Heinz)
\c@lstnumber=\count305
\lst@skipnumbers=\count306
\lst@framebox=\box57
) (/usr/share/texlive/texmf-dist/tex/latex/listings/listings.cfg
File: listings.cfg 2025/11/14 1.11b listings configuration
))
Package: listings 2025/11/14 1.11b (Carsten Heinz)

==> First Aid for listings.sty no longer applied!
    Expected:
        2024/09/23 1.10c (Carsten Heinz)
    but found:
        2025/11/14 1.11b (Carsten Heinz)
    so I'm assuming it got fixed.
(/usr/share/texlive/texmf-dist/tex/latex/appendix/appendix.sty
Package: appendix 2020/02/08 v1.2c extra appendix facilities
\c@@pps=\count307
\c@@ppsavesec=\count308
\c@@ppsaveapp=\count309
) (/usr/share/texlive/texmf-dist/tex/latex/geometry/geometry.sty
Package: geometry 2020/01/02 v5.9 Page Geometry
 (/usr/share/texlive/texmf-dist/tex/generic/iftex/ifvtex.sty
Package: ifvtex 2019/10/25 v1.7 ifvtex legacy package. Use iftex instead.
 (/usr/share/texlive/texmf-dist/tex/generic/iftex/iftex.sty
Package: iftex 2024/12/12 v1.0g TeX engine tests
))
\Gm@cnth=\count310
\Gm@cntv=\count311
\c@Gm@tempcnt=\count312
\Gm@bindingoffset=\dimen174
\Gm@wd@mp=\dimen175
\Gm@odd@mp=\dimen176
\Gm@even@mp=\dimen177
\Gm@layoutwidth=\dimen178
\Gm@layoutheight=\dimen179
\Gm@layouthoffset=\dimen180
\Gm@layoutvoffset=\dimen181
\Gm@dimlist=\toks26
) (/usr/share/texlive/texmf-dist/tex/latex/textpos/textpos.sty
Package: textpos 2022/07/23 v1.10.1
Package textpos Info: choosing support for LaTeX3 on input line 60.
\TP@textbox=\box58
\TP@holdbox=\box59
\TPHorizModule=\dimen182
\TPVertModule=\dimen183
\TP@margin=\dimen184
\TP@absmargin=\dimen185

Grid set 16 x 16 = 37.34424pt x 52.81541pt
\TPboxrulesize=\dimen186
\TP@ox=\dimen187
\TP@oy=\dimen188
\TP@tbargs=\toks27
TextBlockOrigin set to 0pt x 0pt
) (/usr/share/texlive/texmf-dist/tex/latex/placeins/placeins.sty
Package: placeins 2005/04/18  v 2.2
) (/usr/share/texlive/texmf-dist/tex/latex/url/url.sty
\Urlmuskip=\muskip18
Package: url 2013/09/16  ver 3.4  Verb mode for urls, etc.
) (/usr/share/texlive/texmf-dist/tex/latex/tools/tabularx.sty
Package: tabularx 2023/12/11 v2.12a `tabularx' package (DPC)
 (/usr/share/texlive/texmf-dist/tex/latex/tools/array.sty
Package: array 2025/09/25 v2.6n Tabular extension package (FMi)
\col@sep=\dimen189
\ar@mcellbox=\box60
\extrarowheight=\dimen190
\NC@list=\toks28
\extratabsurround=\skip72
\backup@length=\skip73
\ar@cellbox=\box61
)
\TX@col@width=\dimen191
\TX@old@table=\dimen192
\TX@old@col=\dimen193
\TX@target=\dimen194
\TX@delta=\dimen195
\TX@cols=\count313
\TX@ftn=\toks29
) (/usr/share/texlive/texmf-dist/tex/latex/caption/caption.sty
Package: caption 2023/08/05 v3.6o Customizing captions (AR)
 (/usr/share/texlive/texmf-dist/tex/latex/caption/caption3.sty
Package: caption3 2023/07/31 v2.4d caption3 kernel (AR)
\caption@tempdima=\dimen196
\captionmargin=\dimen197
\caption@leftmargin=\dimen198
\caption@rightmargin=\dimen199
\caption@width=\dimen256
\caption@indent=\dimen257
\caption@parindent=\dimen258
\caption@hangindent=\dimen259
Package caption Info: Standard document class detected.
)
\c@caption@flags=\count314
\c@continuedfloat=\count315
Package caption Info: listings package is loaded.
) (/usr/share/texlive/texmf-dist/tex/latex/float/float.sty
Package: float 2001/11/08 v1.3d Float enhancements (AL)
\c@float@type=\count316
\float@exts=\toks30
\float@box=\box62
\@float@everytoks=\toks31
\@floatcapt=\box63
) (/usr/share/texlive/texmf-dist/tex/latex/xcolor/xcolor.sty
Package: xcolor 2024/09/29 v3.02 LaTeX color extensions (UK)
 (/usr/share/texlive/texmf-dist/tex/latex/graphics-cfg/color.cfg
File: color.cfg 2016/01/02 v1.6 sample color configuration
)
Package xcolor Info: Driver file: pdftex.def on input line 274.
 (/usr/share/texlive/texmf-dist/tex/latex/graphics/mathcolor.ltx)
Package xcolor Info: Model `cmy' substituted by `cmy0' on input line 1349.
Package xcolor Info: Model `hsb' substituted by `rgb' on input line 1353.
Package xcolor Info: Model `RGB' extended on input line 1365.
Package xcolor Info: Model `HTML' substituted by `rgb' on input line 1367.
Package xcolor Info: Model `Hsb' substituted by `hsb' on input line 1368.
Package xcolor Info: Model `tHsb' substituted by `hsb' on input line 1369.
Package xcolor Info: Model `HSB' substituted by `hsb' on input line 1370.
Package xcolor Info: Model `Gray' substituted by `gray' on input line 1371.
Package xcolor Info: Model `wave' substituted by `hsb' on input line 1372.
) (/usr/share/texlive/texmf-dist/tex/latex/base/inputenc.sty
Package: inputenc 2024/02/08 v1.3d Input encoding file
\inpenc@prehook=\toks32
\inpenc@posthook=\toks33
) (/usr/share/texlive/texmf-dist/tex/latex/base/fontenc.sty
Package: fontenc 2025/07/18 v2.1d Standard LaTeX package
) (/usr/share/texlive/texmf-dist/tex/generic/babel/babel.sty
Package: babel 2026/01/18 v26.1 The multilingual framework for LuaLaTeX, pdfLaTeX and XeLaTeX
\babel@savecnt=\count317
LaTeX Encoding Info:    Redeclaring text command \ij (encoding OT1) on input line 2078.
LaTeX Encoding Info:    Redeclaring text command \IJ (encoding OT1) on input line 2080.
LaTeX Encoding Info:    Redeclaring text command \ij (encoding T1) on input line 2082.
LaTeX Encoding Info:    Redeclaring text command \IJ (encoding T1) on input line 2083.
LaTeX Encoding Info:    Ignoring declaration for text command \ij (encoding ?) on input line 2084.
LaTeX Encoding Info:    Ignoring declaration for text command \IJ (encoding ?) on input line 2086.
LaTeX Encoding Info:    Ignoring declaration for text command \SS (encoding ?) on input line 2111.
\U@D=\dimen260
\l@unhyphenated=\language90
 (/usr/share/texlive/texmf-dist/tex/generic/babel/txtbabel.def)
\bbl@readstream=\read2
\bbl@dirlevel=\count318
 (/usr/share/texlive/texmf-dist/tex/generic/babel/locale/sv/babel-swedish.tex) (/usr/share/texlive/texmf-dist/tex/generic/babel/locale/en/babel-british.tex)
Package babel Info: Importing font and identification data for swedish
(babel)             from babel-sv.ini. Reported on input line 4330.
 (/usr/share/texlive/texmf-dist/tex/generic/babel-swedish/swedish.ldf
Language: swedish 2021/02/06 v2.3e Swedish support from the babel system
Package babel Info: Making " an active character on input line 90.
)
Package babel Info: Importing font and identification data for british
(babel)             from babel-en-GB.ini. Reported on input line 4330.
 (/usr/share/texlive/texmf-dist/tex/generic/babel-english/british.ldf
Language: british 2017/06/06 v3.3r English support from the babel system
 (/usr/share/texlive/texmf-dist/tex/generic/babel-english/english.ldf
Language: english 2017/06/06 v3.3r English support from the babel system
Package babel Info: Hyphen rules for 'canadian' set to \l@english
(babel)             (\language0). Reported on input line 102.
Package babel Info: Hyphen rules for 'australian' set to \l@ukenglish
(babel)             (\language83). Reported on input line 105.
Package babel Info: Hyphen rules for 'newzealand' set to \l@ukenglish
(babel)             (\language83). Reported on input line 108.
))) (/usr/share/texlive/texmf-dist/tex/latex/biblatex/biblatex.sty
Package: biblatex 2025/07/10 v3.21 programmable bibliographies (PK/MW)
 (/usr/share/texlive/texmf-dist/tex/generic/pdftexcmds/pdftexcmds.sty
Package: pdftexcmds 2020-06-27 v0.33 Utility functions of pdfTeX for LuaTeX (HO)
 (/usr/share/texlive/texmf-dist/tex/generic/infwarerr/infwarerr.sty
Package: infwarerr 2019/12/03 v1.5 Providing info/warning/error messages (HO)
) (/usr/share/texlive/texmf-dist/tex/generic/ltxcmds/ltxcmds.sty
Package: ltxcmds 2023-12-04 v1.26 LaTeX kernel commands for general use (HO)
)
Package pdftexcmds Info: \pdf@primitive is available.
Package pdftexcmds Info: \pdf@ifprimitive is available.
Package pdftexcmds Info: \pdfdraftmode found.
) (/usr/share/texlive/texmf-dist/tex/latex/etoolbox/etoolbox.sty
Package: etoolbox 2025/10/02 v2.5m e-TeX tools for LaTeX (JAW)
\etb@tempcnta=\count319
) (/usr/share/texlive/texmf-dist/tex/latex/kvoptions/kvoptions.sty
Package: kvoptions 2022-06-15 v3.15 Key value format for package options (HO)
 (/usr/share/texlive/texmf-dist/tex/latex/kvsetkeys/kvsetkeys.sty
Package: kvsetkeys 2022-10-05 v1.19 Key value parser (HO)
)) (/usr/share/texlive/texmf-dist/tex/latex/logreq/logreq.sty
Package: logreq 2010/08/04 v1.0 xml request logger
\lrq@indent=\count320
 (/usr/share/texlive/texmf-dist/tex/latex/logreq/logreq.def
File: logreq.def 2010/08/04 v1.0 logreq spec v1.0
)) (/usr/share/texlive/texmf-dist/tex/latex/base/ifthen.sty
Package: ifthen 2024/03/16 v1.1e Standard LaTeX ifthen package (DPC)
)
\c@tabx@nest=\count321
\c@listtotal=\count322
\c@listcount=\count323
\c@liststart=\count324
\c@liststop=\count325
\c@citecount=\count326
\c@citetotal=\count327
\c@multicitecount=\count328
\c@multicitetotal=\count329
\c@instcount=\count330
\c@maxnames=\count331
\c@minnames=\count332
\c@maxitems=\count333
\c@minitems=\count334
\c@citecounter=\count335
\c@maxcitecounter=\count336
\c@savedcitecounter=\count337
\c@uniquelist=\count338
\c@uniquename=\count339
\c@refsection=\count340
\c@refsegment=\count341
\c@maxextratitle=\count342
\c@maxextratitleyear=\count343
\c@maxextraname=\count344
\c@maxextradate=\count345
\c@maxextraalpha=\count346
\c@abbrvpenalty=\count347
\c@highnamepenalty=\count348
\c@lownamepenalty=\count349
\c@maxparens=\count350
\c@parenlevel=\count351
\blx@tempcnta=\count352
\blx@tempcntb=\count353
\blx@tempcntc=\count354
\c@blx@maxsection=\count355
\blx@maxsegment@0=\count356
\blx@notetype=\count357
\blx@parenlevel@text=\count358
\blx@parenlevel@foot=\count359
\blx@sectionciteorder@0=\count360
\blx@sectionciteorderinternal@0=\count361
\blx@entrysetcounter=\count362
\blx@biblioinstance=\count363
\labelnumberwidth=\skip74
\labelalphawidth=\skip75
\biblabelsep=\skip76
\bibitemsep=\skip77
\bibnamesep=\skip78
\bibinitsep=\skip79
\bibparsep=\skip80
\bibhang=\skip81
\blx@bcfin=\read3
\blx@bcfout=\write3
\blx@langwohyphens=\language91
\c@mincomprange=\count364
\c@maxcomprange=\count365
\c@mincompwidth=\count366
Package biblatex Info: Trying to load biblatex default data model...
Package biblatex Info: ... file 'blx-dm.def' found.
 (/usr/share/texlive/texmf-dist/tex/latex/biblatex/blx-dm.def
File: blx-dm.def 2025/07/10 v3.21 biblatex datamodel (PK/MW)
)
Package biblatex Info: Trying to load biblatex style data model...
Package biblatex Info: ... file 'ieee.dbx' not found.
Package biblatex Info: Trying to load biblatex custom data model...
Package biblatex Info: ... file 'biblatex-dm.cfg' not found.
\c@afterword=\count367
\c@savedafterword=\count368
\c@annotator=\count369
\c@savedannotator=\count370
\c@author=\count371
\c@savedauthor=\count372
\c@bookauthor=\count373
\c@savedbookauthor=\count374
\c@commentator=\count375
\c@savedcommentator=\count376
\c@editor=\count377
\c@savededitor=\count378
\c@editora=\count379
\c@savededitora=\count380
\c@editorb=\count381
\c@savededitorb=\count382
\c@editorc=\count383
\c@savededitorc=\count384
\c@foreword=\count385
\c@savedforeword=\count386
\c@holder=\count387
\c@savedholder=\count388
\c@introduction=\count389
\c@savedintroduction=\count390
\c@namea=\count391
\c@savednamea=\count392
\c@nameb=\count393
\c@savednameb=\count394
\c@namec=\count395
\c@savednamec=\count396
\c@translator=\count397
\c@savedtranslator=\count398
\c@shortauthor=\count399
\c@savedshortauthor=\count400
\c@shorteditor=\count401
\c@savedshorteditor=\count402
\c@labelname=\count403
\c@savedlabelname=\count404
\c@institution=\count405
\c@savedinstitution=\count406
\c@lista=\count407
\c@savedlista=\count408
\c@listb=\count409
\c@savedlistb=\count410
\c@listc=\count411
\c@savedlistc=\count412
\c@listd=\count413
\c@savedlistd=\count414
\c@liste=\count415
\c@savedliste=\count416
\c@listf=\count417
\c@savedlistf=\count418
\c@location=\count419
\c@savedlocation=\count420
\c@organization=\count421
\c@savedorganization=\count422
\c@origlocation=\count423
\c@savedoriglocation=\count424
\c@origpublisher=\count425
\c@savedorigpublisher=\count426
\c@publisher=\count427
\c@savedpublisher=\count428
\c@language=\count429
\c@savedlanguage=\count430
\c@origlanguage=\count431
\c@savedoriglanguage=\count432
\c@pageref=\count433
\c@savedpageref=\count434
\shorthandwidth=\skip82
\shortjournalwidth=\skip83
\shortserieswidth=\skip84
\shorttitlewidth=\skip85
\shortauthorwidth=\skip86
\shorteditorwidth=\skip87
\locallabelnumberwidth=\skip88
\locallabelalphawidth=\skip89
\localshorthandwidth=\skip90
\localshortjournalwidth=\skip91
\localshortserieswidth=\skip92
\localshorttitlewidth=\skip93
\localshortauthorwidth=\skip94
\localshorteditorwidth=\skip95
Package biblatex Info: Trying to load compatibility code...
Package biblatex Info: ... file 'blx-compat.def' found.
 (/usr/share/texlive/texmf-dist/tex/latex/biblatex/blx-compat.def
File: blx-compat.def 2025/07/10 v3.21 biblatex compatibility (PK/MW)
)
Package biblatex Info: Trying to load generic definitions...
Package biblatex Info: ... file 'biblatex.def' found.
 (/usr/share/texlive/texmf-dist/tex/latex/biblatex/biblatex.def
File: biblatex.def 2025/07/10 v3.21 biblatex compatibility (PK/MW)
\c@textcitecount=\count435
\c@textcitetotal=\count436
\c@textcitemaxnames=\count437
\c@biburlbigbreakpenalty=\count438
\c@biburlbreakpenalty=\count439
\c@biburlnumpenalty=\count440
\c@biburlucpenalty=\count441
\c@biburllcpenalty=\count442
\biburlbigskip=\muskip19
\biburlnumskip=\muskip20
\biburlucskip=\muskip21
\biburllcskip=\muskip22
\c@smartand=\count443
)
Package biblatex Info: Trying to load bibliography style 'ieee'...
Package biblatex Info: ... file 'ieee.bbx' found.
 (/usr/share/texlive/texmf-dist/tex/latex/biblatex-ieee/ieee.bbx
File: ieee.bbx 2025-08-01 v1.4f biblatex bibliography style
Package biblatex Info: Trying to load bibliography style 'numeric-comp'...
Package biblatex Info: ... file 'numeric-comp.bbx' found.
 (/usr/share/texlive/texmf-dist/tex/latex/biblatex/bbx/numeric-comp.bbx
File: numeric-comp.bbx 2025/07/10 v3.21 biblatex bibliography style (PK/MW)
Package biblatex Info: Trying to load bibliography style 'numeric'...
Package biblatex Info: ... file 'numeric.bbx' found.
 (/usr/share/texlive/texmf-dist/tex/latex/biblatex/bbx/numeric.bbx
File: numeric.bbx 2025/07/10 v3.21 biblatex bibliography style (PK/MW)
Package biblatex Info: Trying to load bibliography style 'standard'...
Package biblatex Info: ... file 'standard.bbx' found.
 (/usr/share/texlive/texmf-dist/tex/latex/biblatex/bbx/standard.bbx
File: standard.bbx 2025/07/10 v3.21 biblatex bibliography style (PK/MW)
\c@bbx:relatedcount=\count444
\c@bbx:relatedtotal=\count445
))))
Package biblatex Info: Trying to load citation style 'ieee'...
Package biblatex Info: ... file 'ieee.cbx' found.
 (/usr/share/texlive/texmf-dist/tex/latex/biblatex-ieee/ieee.cbx
File: ieee.cbx 2025-08-01 v1.4f biblatex citation style
Package biblatex Info: Trying to load citation style 'numeric-verb'...
Package biblatex Info: ... file 'numeric-verb.cbx' found.
 (/usr/share/texlive/texmf-dist/tex/latex/biblatex/cbx/numeric-verb.cbx
File: numeric-verb.cbx 2025/07/10 v3.21 biblatex citation style (PK/MW)
Package biblatex Info: Redefining '\cite'.
Package biblatex Info: Redefining '\parencite'.
Package biblatex Info: Redefining '\footcite'.
Package biblatex Info: Redefining '\footcitetext'.
Package biblatex Info: Redefining '\smartcite'.
Package biblatex Info: Redefining '\textcite'.
Package biblatex Info: Redefining '\supercite'.
Package biblatex Info: Redefining '\parencites'.
Package biblatex Info: Redefining '\smartcites'.
Package biblatex Info: Redefining '\textcites'.
))
Package biblatex Info: Trying to load configuration file...
Package biblatex Info: ... file 'biblatex.cfg' found.
 (/usr/share/texlive/texmf-dist/tex/latex/biblatex/biblatex.cfg
File: biblatex.cfg 
)
Package biblatex Info: Input encoding 'utf8' detected.
Package biblatex Info: Document encoding is UTF8 ....
 (/usr/share/texlive/texmf-dist/tex/latex/l3kernel/expl3.sty
Package: expl3 2026-01-19 L3 programming layer (loader) 
 (/usr/share/texlive/texmf-dist/tex/latex/l3backend/l3backend-pdftex.def
File: l3backend-pdftex.def 2025-10-09 L3 backend support: PDF output (pdfTeX)
\l__color_backend_stack_int=\count446
))
Package biblatex Info: ... and expl3
(biblatex)             2026-01-19 L3 programming layer (loader) 
(biblatex)             is new enough (at least 2020/04/06),
(biblatex)             setting 'casechanger=expl3'.
 (/usr/share/texlive/texmf-dist/tex/latex/biblatex/blx-case-expl3.sty (/usr/share/texlive/texmf-dist/tex/latex/l3packages/xparse/xparse.sty
Package: xparse 2025-10-09 L3 Experimental document command parser
)
Package: blx-case-expl3 2025/07/10 v3.21 expl3 case changing code for biblatex
)) (/usr/share/texlive/texmf-dist/tex/latex/csquotes/csquotes.sty
Package: csquotes 2024-04-04 v5.2o context-sensitive quotations (JAW)
\csq@reset=\count447
\csq@gtype=\count448
\csq@glevel=\count449
\csq@qlevel=\count450
\csq@maxlvl=\count451
\csq@tshold=\count452
\csq@ltx@everypar=\toks34
 (/usr/share/texlive/texmf-dist/tex/latex/csquotes/csquotes.def
File: csquotes.def 2024-04-04 v5.2o csquotes generic definitions (JAW)
)
Package csquotes Info: Trying to load configuration file 'csquotes.cfg'...
Package csquotes Info: ... configuration file loaded successfully.
 (/usr/share/texlive/texmf-dist/tex/latex/csquotes/csquotes.cfg
File: csquotes.cfg 
))) (/usr/share/texlive/texmf-dist/tex/latex/datetime/datetime.sty
Package: datetime 2015/03/20 v2.60 Date Time Package
 (/usr/share/texlive/texmf-dist/tex/latex/fmtcount/fmtcount.sty
Package: fmtcount 2025/12/02 v3.12 Displaying the values of LaTeX counters (NT,VB,NE)
 (/usr/share/texlive/texmf-dist/tex/latex/xkeyval/xkeyval.sty
Package: xkeyval 2025/11/04 v2.10 package option processing (HA)
 (/usr/share/texlive/texmf-dist/tex/generic/xkeyval/xkeyval.tex (/usr/share/texlive/texmf-dist/tex/generic/xkeyval/xkvutils.tex
\XKV@toks=\toks35
\XKV@tempa@toks=\toks36
\XKV@tempb@toks=\toks37
)
\XKV@depth=\count453
File: xkeyval.tex 2014/12/03 v2.7a key=value parser (HA)
)) (/usr/share/texlive/texmf-dist/tex/latex/fmtcount/fcprefix.sty
Package: fcprefix 2012/09/28
 (/usr/share/texlive/texmf-dist/tex/latex/fmtcount/fcnumparser.sty
Package: fcnumparser 2017/06/15
\fc@digit@counter=\count454
))
\c@padzeroesN=\count455
\fc@tmpcatcode=\count456
 (/usr/share/texlive/texmf-dist/tex/latex/fmtcount/fc-english.def
File: fc-english.def 2016/01/12
) (/usr/share/texlive/texmf-dist/tex/latex/fmtcount/fc-british.def
File: fc-british.def 2013/08/17
)
\@DT@modctr=\count457
\@ordinalctr=\count458
\@orgargctr=\count459
\@strctr=\count460
\@tmpstrctr=\count461
\@DT@loopN=\count462
\@DT@X=\count463
) (/usr/share/texlive/texmf-dist/tex/latex/datetime/datetime-defaults.sty
Package: datetime-defaults 2013/09/10
)
\@day=\count464
\@month=\count465
\@year=\count466
\c@HOUR=\count467
\c@HOURXII=\count468
\c@MINUTE=\count469
\c@TOHOUR=\count470
\c@TOMINUTE=\count471
\c@SECOND=\count472
\currenthour=\count473
\currentminute=\count474
\currentsecond=\count475
Package datetime Info: No datetime.cfg file found, using default settings on input line 308.
\@dtctr=\count476
\dayofyear=\count477
\dayofweek=\count478
LaTeX Info: Redefining \today on input line 736.
 (/usr/share/texlive/texmf-dist/tex/latex/datetime/dt-british.def
File: dt-british.def 2013/09/10
) (/usr/share/texlive/texmf-dist/tex/latex/datetime/dt-swedish.def
File: dt-swedish.def 2013/09/10
LaTeX Info: Redefining \dateswedish on input line 63.
LaTeX Info: Redefining \datesymd on input line 68.
LaTeX Info: Redefining \datesdmy on input line 74.
)
\dt@a=\toks38
\dt@b=\toks39
) (/usr/share/texlive/texmf-dist/tex/latex/hyperref/hyperref.sty
Package: hyperref 2025-07-12 v7.01o Hypertext links for LaTeX
 (/usr/share/texlive/texmf-dist/tex/generic/kvdefinekeys/kvdefinekeys.sty
Package: kvdefinekeys 2019-12-19 v1.6 Define keys (HO)
) (/usr/share/texlive/texmf-dist/tex/generic/pdfescape/pdfescape.sty
Package: pdfescape 2019/12/09 v1.15 Implements pdfTeX's escape features (HO)
) (/usr/share/texlive/texmf-dist/tex/latex/hycolor/hycolor.sty
Package: hycolor 2020-01-27 v1.10 Color options for hyperref/bookmark (HO)
) (/usr/share/texlive/texmf-dist/tex/latex/hyperref/nameref.sty
Package: nameref 2025-06-21 v2.57 Cross-referencing by name of section
 (/usr/share/texlive/texmf-dist/tex/latex/refcount/refcount.sty
Package: refcount 2019/12/15 v3.6 Data extraction from label references (HO)
) (/usr/share/texlive/texmf-dist/tex/generic/gettitlestring/gettitlestring.sty
Package: gettitlestring 2019/12/15 v1.6 Cleanup title references (HO)
)
\c@section@level=\count479
) (/usr/share/texlive/texmf-dist/tex/generic/stringenc/stringenc.sty
Package: stringenc 2019/11/29 v1.12 Convert strings between diff. encodings (HO)
)
\@linkdim=\dimen261
\Hy@linkcounter=\count480
\Hy@pagecounter=\count481
 (/usr/share/texlive/texmf-dist/tex/latex/hyperref/pd1enc.def
File: pd1enc.def 2025-07-12 v7.01o Hyperref: PDFDocEncoding definition (HO)
Now handling font encoding PD1 ...
... no UTF-8 mapping file for font encoding PD1
) (/usr/share/texlive/texmf-dist/tex/generic/intcalc/intcalc.sty
Package: intcalc 2019/12/15 v1.3 Expandable calculations with integers (HO)
)
\Hy@SavedSpaceFactor=\count482
 (/usr/share/texlive/texmf-dist/tex/latex/hyperref/puenc.def
File: puenc.def 2025-07-12 v7.01o Hyperref: PDF Unicode definition (HO)
Now handling font encoding PU ...
... no UTF-8 mapping file for font encoding PU
)
Package hyperref Info: Option `colorlinks' set `true' on input line 4066.
Package hyperref Info: Option `bookmarks' set `false' on input line 4066.
Package hyperref Info: Hyper figures OFF on input line 4195.
Package hyperref Info: Link nesting OFF on input line 4200.
Package hyperref Info: Hyper index ON on input line 4203.
Package hyperref Info: Plain pages OFF on input line 4210.
Package hyperref Info: Backreferencing OFF on input line 4215.
Package hyperref Info: Implicit mode ON; LaTeX internals redefined.
Package hyperref Info: Bookmarks OFF on input line 4468.
\c@Hy@tempcnt=\count483
LaTeX Info: Redefining \url on input line 4801.
\XeTeXLinkMargin=\dimen262
 (/usr/share/texlive/texmf-dist/tex/generic/bitset/bitset.sty
Package: bitset 2019/12/09 v1.3 Handle bit-vector datatype (HO)
 (/usr/share/texlive/texmf-dist/tex/generic/bigintcalc/bigintcalc.sty
Package: bigintcalc 2019/12/15 v1.5 Expandable calculations on big integers (HO)
))
\Fld@menulength=\count484
\Field@Width=\dimen263
\Fld@charsize=\dimen264
Package hyperref Info: Hyper figures OFF on input line 6078.
Package hyperref Info: Link nesting OFF on input line 6083.
Package hyperref Info: Hyper index ON on input line 6086.
Package hyperref Info: backreferencing OFF on input line 6093.
Package hyperref Info: Link coloring ON on input line 6096.
Package hyperref Info: Link coloring with OCG OFF on input line 6103.
Package hyperref Info: PDF/A mode OFF on input line 6108.
\Hy@abspage=\count485
\c@Item=\count486
\c@Hfootnote=\count487
)
Package hyperref Info: Driver (autodetected): hpdftex.
 (/usr/share/texlive/texmf-dist/tex/latex/hyperref/hpdftex.def
File: hpdftex.def 2025-07-12 v7.01o Hyperref driver for pdfTeX
\Fld@listcount=\count488
\c@bookmark@seq@number=\count489
 (/usr/share/texlive/texmf-dist/tex/latex/rerunfilecheck/rerunfilecheck.sty
Package: rerunfilecheck 2025-06-21 v1.11 Rerun checks for auxiliary files (HO)
 (/usr/share/texlive/texmf-dist/tex/generic/uniquecounter/uniquecounter.sty
Package: uniquecounter 2019/12/15 v1.4 Provide unlimited unique counter (HO)
)
Package uniquecounter Info: New unique counter `rerunfilecheck' on input line 284.
)
\Hy@SectionHShift=\skip96
) (/usr/share/texlive/texmf-dist/tex/latex/caption/subcaption.sty
Package: subcaption 2023/07/28 v1.6b Sub-captions (AR)
Package caption Info: New subtype `subfigure' on input line 238.
\c@subfigure=\count490
Package caption Info: New subtype `subtable' on input line 238.
\c@subtable=\count491
) (/usr/share/texlive/texmf-dist/tex/latex/pdfpages/pdfpages.sty
Package: pdfpages 2025/07/23 v0.6g Insert pages of external PDF documents (AM)
 (/usr/share/texlive/texmf-dist/tex/latex/eso-pic/eso-pic.sty
Package: eso-pic 2025/12/10 v3.0d eso-pic (RN)
\ESO@tempdima=\dimen265
\ESO@tempdimb=\dimen266
)
\AM@pagewidth=\dimen267
\AM@pageheight=\dimen268
\AM@fboxrule=\dimen269
 (/usr/share/texlive/texmf-dist/tex/latex/pdfpages/pppdftex.def
File: pppdftex.def 2025/07/23 v0.6g Pdfpages driver for pdfTeX (AM)
)
\pdfpages@includegraphics@status=\count492
\AM@pagebox=\box64
\AM@global@opts=\toks40
\AM@pagecnt=\count493
\AM@toc@title=\toks41
\AM@lof@heading=\toks42
\c@AM@survey=\count494
\AM@templatesizebox=\box65
) (/usr/share/texlive/texmf-dist/tex/latex/booktabs/booktabs.sty
Package: booktabs 2020/01/12 v1.61803398 Publication quality tables
\heavyrulewidth=\dimen270
\lightrulewidth=\dimen271
\cmidrulewidth=\dimen272
\belowrulesep=\dimen273
\belowbottomsep=\dimen274
\aboverulesep=\dimen275
\abovetopsep=\dimen276
\cmidrulesep=\dimen277
\cmidrulekern=\dimen278
\defaultaddspace=\dimen279
\@cmidla=\count495
\@cmidlb=\count496
\@aboverulesep=\dimen280
\@belowrulesep=\dimen281
\@thisruleclass=\count497
\@lastruleclass=\count498
\@thisrulewidth=\dimen282
)
Package csquotes Info: Checking for multilingual support...
Package csquotes Info: ... found 'babel' package.
Package csquotes Info: Adjusting default style.
Package csquotes Info: Redefining alias 'default' -> 'british'.
 (./main.aux

LaTeX Warning: Label `fig:chasis_1_engine_blueprint' multiply defined.

)
\openout1 = `main.aux'.

LaTeX Font Info:    Checking defaults for OML/cmm/m/it on input line 43.
LaTeX Font Info:    ... okay on input line 43.
LaTeX Font Info:    Checking defaults for OMS/cmsy/m/n on input line 43.
LaTeX Font Info:    ... okay on input line 43.
LaTeX Font Info:    Checking defaults for OT1/cmr/m/n on input line 43.
LaTeX Font Info:    ... okay on input line 43.
LaTeX Font Info:    Checking defaults for T1/cmr/m/n on input line 43.
LaTeX Font Info:    ... okay on input line 43.
LaTeX Font Info:    Checking defaults for TS1/cmr/m/n on input line 43.
LaTeX Font Info:    ... okay on input line 43.
LaTeX Font Info:    Checking defaults for OMX/cmex/m/n on input line 43.
LaTeX Font Info:    ... okay on input line 43.
LaTeX Font Info:    Checking defaults for U/cmr/m/n on input line 43.
LaTeX Font Info:    ... okay on input line 43.
LaTeX Font Info:    Checking defaults for PD1/pdf/m/n on input line 43.
LaTeX Font Info:    ... okay on input line 43.
LaTeX Font Info:    Checking defaults for PU/pdf/m/n on input line 43.
LaTeX Font Info:    ... okay on input line 43.
 (/usr/share/texlive/texmf-dist/tex/context/base/mkii/supp-pdf.mkii
[Loading MPS to PDF converter (version 2006.09.02).]
\scratchcounter=\count499
\scratchdimen=\dimen283
\scratchbox=\box66
\nofMPsegments=\count500
\nofMParguments=\count501
\everyMPshowfont=\toks43
\MPscratchCnt=\count502
\MPscratchDim=\dimen284
\MPnumerator=\count503
\makeMPintoPDFobject=\count504
\everyMPtoPDFconversion=\toks44
) (/usr/share/texlive/texmf-dist/tex/latex/epstopdf-pkg/epstopdf-base.sty
Package: epstopdf-base 2020-01-24 v2.11 Base part for package epstopdf
Package epstopdf-base Info: Redefining graphics rule for `.eps' on input line 485.
 (/usr/share/texlive/texmf-dist/tex/latex/latexconfig/epstopdf-sys.cfg
File: epstopdf-sys.cfg 2010/07/13 v1.3 Configuration of (r)epstopdf for TeX Live
))
\c@lstlisting=\count505

*geometry* driver: auto-detecting
*geometry* detected driver: pdftex
*geometry* verbose mode - [ preamble ] result:
* driver: pdftex
* paper: <default>
* layout: <same size as paper>
* layoutoffset:(h,v)=(0.0pt,0.0pt)
* modes: 
* h-part:(L,W,R)=(85.35826pt, 426.79135pt, 85.35826pt)
* v-part:(T,H,B)=(85.35826pt, 674.33032pt, 85.35826pt)
* \paperwidth=597.50787pt
* \paperheight=845.04684pt
* \textwidth=426.79135pt
* \textheight=674.33032pt
* \oddsidemargin=13.08827pt
* \evensidemargin=13.08827pt
* \topmargin=-23.91173pt
* \headheight=12.0pt
* \headsep=25.0pt
* \topskip=10.0pt
* \footskip=30.0pt
* \marginparwidth=57.0pt
* \marginparsep=0.0pt
* \columnsep=10.0pt
* \skip\footins=9.0pt plus 4.0pt minus 2.0pt
* \hoffset=0.0pt
* \voffset=0.0pt
* \mag=1000
* \@twocolumnfalse
* \@twosidefalse
* \@mparswitchfalse
* \@reversemarginfalse
* (1in=72.27pt=25.4mm, 1cm=28.453pt)

Package caption Info: Begin \AtBeginDocument code.
Package caption Info: float package is loaded.
Package caption Info: hyperref package is loaded.
Package caption Info: End \AtBeginDocument code.
Package biblatex Info: Trying to load language 'british'...
Package biblatex Info: ... file 'british.lbx' found.
(/usr/share/texlive/texmf-dist/tex/latex/biblatex/lbx/british.lbx
File: british.lbx 2025/07/10 v3.21 biblatex localization (PK/MW)
Package biblatex Info: Trying to load language 'english'...
Package biblatex Info: ... file 'english.lbx' found.
 (/usr/share/texlive/texmf-dist/tex/latex/biblatex/lbx/english.lbx
File: english.lbx 2025/07/10 v3.21 biblatex localization (PK/MW)
))
Package biblatex Info: Trying to load language 'swedish'...
Package biblatex Info: ... file 'swedish.lbx' found.
 (/usr/share/texlive/texmf-dist/tex/latex/biblatex/lbx/swedish.lbx
File: swedish.lbx 2025/07/10 v3.21 biblatex localization (PK/MW)
)
Package biblatex Info: Input encoding 'utf8' detected.
Package biblatex Info: Automatic encoding selection.
(biblatex)             Assuming data encoding 'utf8'.
\openout3 = `main.bcf'.

Package biblatex Info: Trying to load bibliographic data...
Package biblatex Info: ... file 'main.bbl' found.
 (./main.bbl)
Package biblatex Info: Reference section=0 on input line 43.
Package biblatex Info: Reference segment=0 on input line 43.
Package hyperref Info: Link coloring ON on input line 43.
 (/usr/share/texlive/texmf-dist/tex/latex/pdflscape/pdflscape.sty
Package: pdflscape 2025-06-23 v0.14 Display of landscape pages in PDF
 (/usr/share/texlive/texmf-dist/tex/latex/pdflscape/pdflscape-nometadata.sty
Package: pdflscape-nometadata 2025-06-23 v0.14 Display of landscape pages in PDF (HO)
 (/usr/share/texlive/texmf-dist/tex/latex/graphics/lscape.sty
Package: lscape 2020/05/28 v3.02 Landscape Pages (DPC)
)
Package pdflscape Info: Auto-detected driver: pdftex on input line 81.
))
Package epstopdf Info: Source file: <images/logo.eps>
(epstopdf)                    date: 2026-04-20 09:22:02
(epstopdf)                    size: 4381094 bytes
(epstopdf)             Output file: <images/logo-eps-converted-to.pdf>
(epstopdf)                    date: 2026-04-20 09:22:02
(epstopdf)                    size: 18889 bytes
(epstopdf)             Command: <repstopdf --outfile=images/logo-eps-converted-to.pdf images/logo.eps>
(epstopdf)             \includegraphics on input line 44.
Package epstopdf Info: Output file is already uptodate.
<images/logo-eps-converted-to.pdf, id=4, 722.7pt x 361.35pt>
File: images/logo-eps-converted-to.pdf Graphic file (type pdf)
<use images/logo-eps-converted-to.pdf>
Package pdftex.def Info: images/logo-eps-converted-to.pdf  used on input line 44.
(pdftex.def)             Requested size: 113.81102pt x 56.90189pt.
 [1

{/var/lib/texmf/fonts/map/pdftex/updmap/pdftex.map}{/usr/share/texmf/fonts/enc/dvips/cm-super/cm-super-t1.enc} <./images/logo-eps-converted-to.pdf>] (./main.toc)
\tf@toc=\write4
\openout4 = `main.toc'.

 [1

] (./main.lof)
\tf@lof=\write5
\openout5 = `main.lof'.

 [2

] (./main.lot)
\tf@lot=\write6
\openout6 = `main.lot'.

 (./sections/abstract.tex) [3

{/usr/share/texmf/fonts/enc/dvips/cm-super/cm-super-ts1.enc}] (./sections/introduction.tex
<images/rover_reference/opportunity.jpg, id=192, 1606.0pt x 903.375pt>
File: images/rover_reference/opportunity.jpg Graphic file (type jpg)
<use images/rover_reference/opportunity.jpg>
Package pdftex.def Info: images/rover_reference/opportunity.jpg  used on input line 19.
(pdftex.def)             Requested size: 192.0548pt x 108.02814pt.
<images/rover_reference/curiosity.png, id=193, 1231.60126pt x 853.1875pt>
File: images/rover_reference/curiosity.png Graphic file (type png)
<use images/rover_reference/curiosity.png>
Package pdftex.def Info: images/rover_reference/curiosity.png  used on input line 26.
(pdftex.def)             Requested size: 192.0548pt x 133.03682pt.
<images/diagram/MAVEN-01-diagram.png, id=195, 1126.2075pt x 526.96875pt>
File: images/diagram/MAVEN-01-diagram.png Graphic file (type png)
<use images/diagram/MAVEN-01-diagram.png>
Package pdftex.def Info: images/diagram/MAVEN-01-diagram.png  used on input line 58.
(pdftex.def)             Requested size: 597.50528pt x 279.58157pt.

pdfTeX warning (ext4): destination with the same identifier (name{page.1}) has been already used, duplicate ignored
<to be read again> 
                   \relax 
l.62 
      [1

 <./images/rover_reference/opportunity.jpg> <./images/rover_reference/curiosity.png>]) (./sections/design.tex [2 <./images/diagram/MAVEN-01-diagram.png>]
<images/blueprint/maven_01_first_prototype.pdf, id=205, 597.23125pt x 845.1575pt>
File: images/blueprint/maven_01_first_prototype.pdf Graphic file (type pdf)
<use images/blueprint/maven_01_first_prototype.pdf>
Package pdftex.def Info: images/blueprint/maven_01_first_prototype.pdf  used on input line 22.
(pdftex.def)             Requested size: 320.0935pt x 452.9737pt.
 [3 <./images/blueprint/maven_01_first_prototype.pdf>]
<images/blueprint/Maven-01-2nd-design.pdf, id=235, 1195.46625pt x 845.1575pt>
File: images/blueprint/Maven-01-2nd-design.pdf Graphic file (type pdf)
<use images/blueprint/Maven-01-2nd-design.pdf>
Package pdftex.def Info: images/blueprint/Maven-01-2nd-design.pdf  used on input line 68.
(pdftex.def)             Requested size: 405.45047pt x 286.64046pt.
 [4 <./images/blueprint/Maven-01-2nd-design.pdf>]
<images/blueprint/chassis_1_engine.pdf, id=261, 845.1575pt x 1195.46625pt>
File: images/blueprint/chassis_1_engine.pdf Graphic file (type pdf)
<use images/blueprint/chassis_1_engine.pdf>
Package pdftex.def Info: images/blueprint/chassis_1_engine.pdf  used on input line 83.
(pdftex.def)             Requested size: 384.1096pt x 543.33603pt.
<images/blueprint/drive_wheels.pdf, id=262, 845.1575pt x 597.23125pt>
File: images/blueprint/drive_wheels.pdf Graphic file (type pdf)
<use images/blueprint/drive_wheels.pdf>
Package pdftex.def Info: images/blueprint/drive_wheels.pdf  used on input line 93.
(pdftex.def)             Requested size: 341.43437pt x 241.27586pt.
 [5 <./images/blueprint/chassis_1_engine.pdf>]
Overfull \hbox (13.07346pt too wide) in paragraph at lines 105--107
\T1/cmr/m/n/10 Passive wheel were design to at-tach 6700zz bear-ing for smooth ro-ta-tion, 6700zz has size of 15x10x4MM,
 []

<images/blueprint/front_wheel_6700zz_bearing_oriented.pdf, id=285, 845.1575pt x 597.23125pt>
File: images/blueprint/front_wheel_6700zz_bearing_oriented.pdf Graphic file (type pdf)
<use images/blueprint/front_wheel_6700zz_bearing_oriented.pdf>
Package pdftex.def Info: images/blueprint/front_wheel_6700zz_bearing_oriented.pdf  used on input line 110.
(pdftex.def)             Requested size: 341.43437pt x 241.27586pt.
[6 <./images/blueprint/drive_wheels.pdf> <./images/blueprint/front_wheel_6700zz_bearing_oriented.pdf

pdfTeX warning: pdflatex (file ./images/blueprint/front_wheel_6700zz_bearing_oriented.pdf): PDF inclusion: multiple pdfs with page group included in a single page
>]
<images/blueprint/front-center-axle-m5-bolt_drawing.pdf, id=327, 845.1575pt x 597.23125pt>
File: images/blueprint/front-center-axle-m5-bolt_drawing.pdf Graphic file (type pdf)
<use images/blueprint/front-center-axle-m5-bolt_drawing.pdf>
Package pdftex.def Info: images/blueprint/front-center-axle-m5-bolt_drawing.pdf  used on input line 121.
(pdftex.def)             Requested size: 332.89673pt x 235.24306pt.
<images/blueprint/track_chain.pdf, id=328, 845.1575pt x 597.23125pt>
File: images/blueprint/track_chain.pdf Graphic file (type pdf)
<use images/blueprint/track_chain.pdf>
Package pdftex.def Info: images/blueprint/track_chain.pdf  used on input line 136.
(pdftex.def)             Requested size: 320.0935pt x 226.19385pt.
 [7 <./images/blueprint/front-center-axle-m5-bolt_drawing.pdf> <./images/blueprint/track_chain.pdf

pdfTeX warning: pdflatex (file ./images/blueprint/track_chain.pdf): PDF inclusion: multiple pdfs with page group included in a single page
>]) (./sections/eletrical_systems.tex
<images/diagram/tt_motor_l298.png, id=368, 587.19376pt x 403.5075pt>
File: images/diagram/tt_motor_l298.png Graphic file (type png)
<use images/diagram/tt_motor_l298.png>
Package pdftex.def Info: images/diagram/tt_motor_l298.png  used on input line 18.
(pdftex.def)             Requested size: 426.79135pt x 293.28352pt.
<images/electrical_schematics/L298N_image.png, id=369, 710.655pt x 583.17876pt>
File: images/electrical_schematics/L298N_image.png Graphic file (type png)
<use images/electrical_schematics/L298N_image.png>
Package pdftex.def Info: images/electrical_schematics/L298N_image.png  used on input line 46.
(pdftex.def)             Requested size: 341.43437pt x 280.19849pt.
 [8 <./images/diagram/tt_motor_l298.png>]
<images/electrical_schematics/L298N.png, id=381, 733.74126pt x 582.175pt>
File: images/electrical_schematics/L298N.png Graphic file (type png)
<use images/electrical_schematics/L298N.png>
Package pdftex.def Info: images/electrical_schematics/L298N.png  used on input line 54.
(pdftex.def)             Requested size: 384.1096pt x 304.76701pt.
<images/electrical_schematics/h_bridge.png, id=382, 763.85374pt x 1027.84pt>
File: images/electrical_schematics/h_bridge.png Graphic file (type png)
<use images/electrical_schematics/h_bridge.png>
Package pdftex.def Info: images/electrical_schematics/h_bridge.png  used on input line 63.
(pdftex.def)             Requested size: 213.39568pt x 287.13452pt.
 [9 <./images/electrical_schematics/L298N_image.png> <./images/electrical_schematics/L298N.png>] [10 <./images/electrical_schematics/h_bridge.png>]
<images/electrical/d1_r32.png, id=401, 756.8275pt x 465.74pt>
File: images/electrical/d1_r32.png Graphic file (type png)
<use images/electrical/d1_r32.png>
Package pdftex.def Info: images/electrical/d1_r32.png  used on input line 141.
(pdftex.def)             Requested size: 405.45047pt x 249.506pt.
 [11 <./images/electrical/d1_r32.png>]
<images/information/dht_11/dht11_specification.png, id=409, 692.5875pt x 588.1975pt>
File: images/information/dht_11/dht11_specification.png Graphic file (type png)
<use images/information/dht_11/dht11_specification.png>
Package pdftex.def Info: images/information/dht_11/dht11_specification.png  used on input line 172.
(pdftex.def)             Requested size: 426.79135pt x 362.4708pt.
 [12 <./images/information/dht_11/dht11_specification.png>]
<images/information/dht_11/dht11_communciation.png, id=417, 1098.1025pt x 382.42876pt>
File: images/information/dht_11/dht11_communciation.png Graphic file (type png)
<use images/information/dht_11/dht11_communciation.png>
Package pdftex.def Info: images/information/dht_11/dht11_communciation.png  used on input line 210.
(pdftex.def)             Requested size: 426.79135pt x 148.63309pt.
<images/information/dht_11/dht11_signout.png, id=418, 1048.91875pt x 376.40625pt>
File: images/information/dht_11/dht11_signout.png Graphic file (type png)
<use images/information/dht_11/dht11_signout.png>
Package pdftex.def Info: images/information/dht_11/dht11_signout.png  used on input line 226.
(pdftex.def)             Requested size: 426.79135pt x 153.15588pt.
 [13 <./images/information/dht_11/dht11_communciation.png> <./images/information/dht_11/dht11_signout.png>]
<images/information/dht_11/dht11_data_0.png, id=425, 489.83pt x 273.02pt>
File: images/information/dht_11/dht11_data_0.png Graphic file (type png)
<use images/information/dht_11/dht11_data_0.png>
Package pdftex.def Info: images/information/dht_11/dht11_data_0.png  used on input line 237.
(pdftex.def)             Requested size: 426.79135pt x 237.88791pt.
<images/information/dht_11/dht11_data_1.png, id=426, 496.85625pt x 236.885pt>
File: images/information/dht_11/dht11_data_1.png Graphic file (type png)
<use images/information/dht_11/dht11_data_1.png>
Package pdftex.def Info: images/information/dht_11/dht11_data_1.png  used on input line 245.
(pdftex.def)             Requested size: 426.79135pt x 203.48218pt.
 [14 <./images/information/dht_11/dht11_data_0.png> <./images/information/dht_11/dht11_data_1.png>]
<images/information/dht_11/dht11_electric_table.png, id=433, 428.60126pt x 143.53625pt>
File: images/information/dht_11/dht11_electric_table.png Graphic file (type png)
<use images/information/dht_11/dht11_electric_table.png>
Package pdftex.def Info: images/information/dht_11/dht11_electric_table.png  used on input line 265.
(pdftex.def)             Requested size: 426.79135pt x 142.9314pt.
<images/electrical/hc_sr04.png, id=435, 521.95pt x 228.855pt>
File: images/electrical/hc_sr04.png Graphic file (type png)
<use images/electrical/hc_sr04.png>
Package pdftex.def Info: images/electrical/hc_sr04.png  used on input line 298.
(pdftex.def)             Requested size: 426.79135pt x 187.13501pt.
 [15 <./images/information/dht_11/dht11_electric_table.png> <./images/electrical/hc_sr04.png>]
<images/electrical_schematics/hcsr04_timing.png, id=445, 711.65875pt x 318.18875pt>
File: images/electrical_schematics/hcsr04_timing.png Graphic file (type png)
<use images/electrical_schematics/hcsr04_timing.png>
Package pdftex.def Info: images/electrical_schematics/hcsr04_timing.png  used on input line 313.
(pdftex.def)             Requested size: 426.79135pt x 190.81761pt.
<images/electrical_schematics/hcsr04_mcu.png, id=446, 726.715pt x 290.08376pt>
File: images/electrical_schematics/hcsr04_mcu.png Graphic file (type png)
<use images/electrical_schematics/hcsr04_mcu.png>
Package pdftex.def Info: images/electrical_schematics/hcsr04_mcu.png  used on input line 320.
(pdftex.def)             Requested size: 426.79135pt x 170.36447pt.
<images/electrical_schematics/mpu6500-block-diagram.png, id=448, 858.20625pt x 669.50125pt>
File: images/electrical_schematics/mpu6500-block-diagram.png Graphic file (type png)
<use images/electrical_schematics/mpu6500-block-diagram.png>
Package pdftex.def Info: images/electrical_schematics/mpu6500-block-diagram.png  used on input line 336.
(pdftex.def)             Requested size: 426.79135pt x 332.95183pt.
 [16 <./images/electrical_schematics/hcsr04_timing.png> <./images/electrical_schematics/hcsr04_mcu.png>] [17 <./images/electrical_schematics/mpu6500-block-diagram.png>]
<images/diagram/LM2596.png, id=464, 684.30656pt x 277.78781pt>
File: images/diagram/LM2596.png Graphic file (type png)
<use images/diagram/LM2596.png>
Package pdftex.def Info: images/diagram/LM2596.png  used on input line 377.
(pdftex.def)             Requested size: 426.79135pt x 173.25665pt.
<images/information/lm2596_spec.png, id=467, 686.565pt x 373.395pt>
File: images/information/lm2596_spec.png Graphic file (type png)
<use images/information/lm2596_spec.png>
Package pdftex.def Info: images/information/lm2596_spec.png  used on input line 384.
(pdftex.def)             Requested size: 426.79135pt x 232.11214pt.
<images/electrical_schematics/ina129_schematic.png, id=468, 610.28pt x 238.8925pt>
File: images/electrical_schematics/ina129_schematic.png Graphic file (type png)
<use images/electrical_schematics/ina129_schematic.png>
Package pdftex.def Info: images/electrical_schematics/ina129_schematic.png  used on input line 403.
(pdftex.def)             Requested size: 426.79135pt x 167.0705pt.
 [18 <./images/diagram/LM2596.png> <./images/information/lm2596_spec.png>]
<images/information/ina219_spec.png, id=476, 676.5275pt x 198.7425pt>
File: images/information/ina219_spec.png Graphic file (type png)
<use images/information/ina219_spec.png>
Package pdftex.def Info: images/information/ina219_spec.png  used on input line 411.
(pdftex.def)             Requested size: 426.79135pt x 125.38129pt.
 [19 <./images/electrical_schematics/ina129_schematic.png> <./images/information/ina219_spec.png>]) (./sections/monitoring_system.tex
<images/demo/MMS_1st_vers.png, id=488, 1100.11pt x 727.71875pt>
File: images/demo/MMS_1st_vers.png Graphic file (type png)
<use images/demo/MMS_1st_vers.png>
Package pdftex.def Info: images/demo/MMS_1st_vers.png  used on input line 16.
(pdftex.def)             Requested size: 426.79135pt x 282.32121pt.
 [20 <./images/demo/MMS_1st_vers.png>]
<images/diagram/sensors_data_udp.png, id=494, 413.545pt x 403.5075pt>
File: images/diagram/sensors_data_udp.png Graphic file (type png)
<use images/diagram/sensors_data_udp.png>
Package pdftex.def Info: images/diagram/sensors_data_udp.png  used on input line 57.
(pdftex.def)             Requested size: 298.75264pt x 291.5103pt.
 [21 <./images/diagram/sensors_data_udp.png>]
<images/diagram/protocol/control.drawio_new.png, id=501, 585.18625pt x 393.47pt>
File: images/diagram/protocol/control.drawio_new.png Graphic file (type png)
<use images/diagram/protocol/control.drawio_new.png>
Package pdftex.def Info: images/diagram/protocol/control.drawio_new.png  used on input line 79.
(pdftex.def)             Requested size: 426.79135pt x 286.97853pt.
) [22 <./images/diagram/protocol/control.drawio_new.png>] (./sections/conclusions.tex) [23] [24]
Overfull \hbox (4.79536pt too wide) in paragraph at lines 78--78
[]\T1/cmr/m/n/10 usertogo, \T1/cmr/m/it/10 Tank Track Print-in-Place Fully Para-met-ric with Mo-tor\T1/cmr/m/n/10 , [][]$\T1/cmtt/m/n/10 https : / / www . printables .
 []


Package biblatex Warning: No driver for 'miscs'.
(biblatex)                Using fallback driver on input line 77.


Overfull \hbox (4.8084pt too wide) in paragraph at lines 78--78
\T1/cmr/m/n/10 [On-line]. Avail-able: [][]$\T1/cmtt/m/n/10 https : / / datasheet . octopart . com / MPU -[] 6500 -[] InvenSense -[] datasheet -[]
 []


Overfull \hbox (1.29623pt too wide) in paragraph at lines 78--78
[]\T1/cmr/m/n/10 AlexanderL, \T1/cmr/m/it/10 Tank Plat-form TVP-1 Tracked Vehicle Plat-form V1\T1/cmr/m/n/10 , [][]$\T1/cmtt/m/n/10 https : / / www . printables .
 []


Overfull \hbox (2.68076pt too wide) in paragraph at lines 78--78
\T1/cmr/m/n/10 2024, Ac-cessed: 2026-05-22. [On-line]. Avail-able: [][]$\T1/cmtt/m/n/10 https : / / www . francis -[] press . com / uploads /
 []

[25]
Overfull \hbox (29.90659pt too wide) in paragraph at lines 78--78
\T1/cmtt/m/n/10 navigation -[] of -[] a -[] two -[] wheeled -[] robot -[] with -[] ros -[] and -[] raspberry -[] pi -[] 4 / 875707403897667827 -[]
 []

[26] (./main.aux)
 ***********
LaTeX2e <2025-11-01>
L3 programming layer <2026-01-19>
 ***********


LaTeX Warning: There were multiply-defined labels.

Package logreq Info: Writing requests to 'main.run.xml'.
\openout1 = `main.run.xml'.

 ) 
Here is how much of TeX's memory you used:
 26016 strings out of 467533
 459811 string characters out of 5422138
 1371879 words of memory out of 5000000
 54441 multiletter control sequences out of 15000+600000
 637980 words of font info for 56 fonts, out of 8000000 for 9000
 1141 hyphenation exceptions out of 8191
 85i,11n,93p,1270b,2478s stack positions out of 10000i,1000n,20000p,200000b,200000s
</usr/share/texlive/texmf-dist/fonts/type1/public/amsfonts/cm/cmmi10.pfb></usr/share/texlive/texmf-dist/fonts/type1/public/amsfonts/cm/cmmi7.pfb></usr/share/texlive/texmf-dist/fonts/type1/public/amsfonts/cm/cmr10.pfb></usr/share/texlive/texmf-dist/fonts/type1/public/amsfonts/cm/cmr7.pfb></usr/share/texlive/texmf-dist/fonts/type1/public/amsfonts/cm/cmsy10.pfb></usr/share/texlive/texmf-dist/fonts/type1/public/amsfonts/cm/cmsy7.pfb></usr/share/texmf/fonts/type1/public/cm-super/sfbx1000.pfb></usr/share/texmf/fonts/type1/public/cm-super/sfbx1200.pfb></usr/share/texmf/fonts/type1/public/cm-super/sfbx1440.pfb></usr/share/texmf/fonts/type1/public/cm-super/sfbx2074.pfb></usr/share/texmf/fonts/type1/public/cm-super/sfrm0700.pfb></usr/share/texmf/fonts/type1/public/cm-super/sfrm0900.pfb></usr/share/texmf/fonts/type1/public/cm-super/sfrm1000.pfb></usr/share/texmf/fonts/type1/public/cm-super/sfrm1200.pfb></usr/share/texmf/fonts/type1/public/cm-super/sfrm1440.pfb></usr/share/texmf/fonts/type1/public/cm-super/sfti1000.pfb></usr/share/texmf/fonts/type1/public/cm-super/sftt1000.pfb>
Output written on main.pdf (30 pages, 11149971 bytes).
PDF statistics:
 691 PDF objects out of 1000 (max. 8388607)
 510 compressed objects within 6 object streams
 128 named destinations out of 1000 (max. 500000)
 166 words of extra memory for PDF output out of 10000 (max. 10000000)

